Microchip MPLAB XC8 Compiler V2.36

Linker command line:

-W-3 --edf=C:\Program Files\Microchip\xc8\v2.36\pic\dat\en_msgs.txt -cn \
  -h+dist/default/production\RTC_with_PIC.X.production.sym \
  --cmf=dist/default/production\RTC_with_PIC.X.production.cmf -z -Q16F877A \
  -oC:\Users\ADITYA~1\AppData\Local\Temp\xcAsi20.4 --defsym=__MPLAB_BUILD=1 \
  -Mdist/default/production/RTC_with_PIC.X.production.map \
  --md=C:\Users\ADITYA~1\AppData\Local\Temp\xcAsi20.dat -E1 \
  -ver=XC8 Compiler --acfsm=1493 -ACODE=00h-07FFhx4 -ASTRCODE=00h-01FFFh \
  -ASTRING=00h-0FFhx32 -ACONST=00h-0FFhx32 -AENTRY=00h-0FFhx32 \
  -ACOMMON=070h-07Fh -ABANK0=020h-06Fh -ABANK1=0A0h-0EFh \
  -ABANK2=0110h-016Fh -ABANK3=0190h-01EFh \
  -ARAM=020h-06Fh,0A0h-0EFh,0110h-016Fh,0190h-01EFh \
  -AABS1=020h-07Fh,0A0h-0EFh,0110h-016Fh,0190h-01EFh -ASFR0=00h-01Fh \
  -ASFR1=080h-09Fh -ASFR2=0100h-010Fh -ASFR3=0180h-018Fh \
  -ACONFIG=02007h-02007h -DCONFIG=2 -AIDLOC=02000h-02003h -DIDLOC=2 \
  -AEEDATA=00h-0FFh/02100h -peeprom_data=EEDATA -DEEDATA=2 -DCODE=2 \
  -DSTRCODE=2 -DSTRING=2 -DCONST=2 -DENTRY=2 \
  -preset_vec=00h,intentry,init,end_init -ppowerup=CODE -pcinit=CODE \
  -pfunctab=ENTRY -k C:\Users\ADITYA~1\AppData\Local\Temp\xcAsi20.o \
  dist/default/production\RTC_with_PIC.X.production.o 

Object code version is 3.11

Machine type is 16F877A



                Name                               Link     Load   Length Selector   Space Scale
C:\Users\ADITYA~1\AppData\Local\Temp\xcAsi20.o
                end_init                              0        0        3        0       0
                config                             2007     2007        1        0       4
                idloc                              2000     2000        4        0       5
dist/default/production\RTC_with_PIC.X.production.o
                cinit                               7EC      7EC       14      FD8       0
                config                             2007     2007        1        0       4
                idloc                              2000     2000        4        0       5
                text22                              3FA      3FA       68      7F4       0
                text21                              19B      19B       46      336       0
                text20                              233      233       53      466       0
                text19                               AD       AD       22      15A       0
                text18                               93       93       1A      126       0
                text17                               66       66        D       CC       0
                text16                              334      334       5F      668       0
                text15                               CF       CF       25      19E       0
                text14                              1E1      1E1       52      3C2       0
                text13                              286      286       55      50C       0
                text12                              393      393       67      726       0
                text11                              2DB      2DB       59      5B6       0
                text10                              16B      16B       30      2D6       0
                text9                                73       73        D       E6       0
                text8                                40       40        9       80       0
                text7                                49       49        9       92       0
                text6                                52       52        A       A4       0
                text5                               462      462       AF      8C4       0
                text4                                F4       F4       25      1E8       0
                text3                               119      119       25      232       0
                text2                               13E      13E       2D      27C       0
                text1                               511      511       EC      A22       0
                maintext                            5FD      5FD      1EF      BFA       0
                cstackBANK0                          20       20       24       20       1
                cstackCOMMON                         70       70        E       70       1
                inittext                             80       80       13      100       0
                dataBANK0                            44       44        A       20       1
                bssBANK0                             4E       4E        2       20       1
                strings                               3        3       34        6       0
                idataBANK0                           5C       5C        A       B8       0

TOTAL           Name                               Link     Load   Length     Space
        CLASS   CODE           
                end_init                              0        0        3         0
                cinit                               7EC      7EC       14         0
                text22                              3FA      3FA       68         0
                text21                              19B      19B       46         0
                text20                              233      233       53         0
                text19                               AD       AD       22         0
                text18                               93       93       1A         0
                text17                               66       66        D         0
                text16                              334      334       5F         0
                text15                               CF       CF       25         0
                text14                              1E1      1E1       52         0
                text13                              286      286       55         0
                text12                              393      393       67         0
                text11                              2DB      2DB       59         0
                text10                              16B      16B       30         0
                text9                                73       73        D         0
                text8                                40       40        9         0
                text7                                49       49        9         0
                text6                                52       52        A         0
                text5                               462      462       AF         0
                text4                                F4       F4       25         0
                text3                               119      119       25         0
                text2                               13E      13E       2D         0
                text1                               511      511       EC         0
                maintext                            5FD      5FD      1EF         0
                inittext                             80       80       13         0
                idataBANK0                           5C       5C        A         0

        CLASS   STRCODE        

        CLASS   STRING         
                strings                               3        3       34         0

        CLASS   CONST          

        CLASS   ENTRY          

        CLASS   COMMON         
                cstackCOMMON                         70       70        E         1

        CLASS   BANK0          
                cstackBANK0                          20       20       24         1
                dataBANK0                            44       44        A         1
                bssBANK0                             4E       4E        2         1

        CLASS   BANK1          

        CLASS   BANK2          

        CLASS   BANK3          

        CLASS   RAM            

        CLASS   ABS1           
                abs_s1                               7E       7E        2         1

        CLASS   SFR0           

        CLASS   SFR1           

        CLASS   SFR2           

        CLASS   SFR3           

        CLASS   CONFIG         
                config                             2007     2007        1         4

        CLASS   IDLOC          
                idloc                              2000     2000        4         5

        CLASS   EEDATA         

        CLASS   STACK          



SEGMENTS        Name                           Load    Length   Top    Selector   Space  Class     Delta

                reset_vec                      000000  000003  000003         0       0  CODE        2
                strings                        000003  000034  000037         6       0  STRING      2
                cstackBANK0                    000020  000030  000050        20       1  BANK0       1
                cstackCOMMON                   000070  00000E  00007E        70       1  COMMON      1
                text8                          000040  000009  000049        80       0  CODE        2
                text7                          000049  000009  000052        92       0  CODE        2
                text6                          000052  00000A  00005C        A4       0  CODE        2
                idataBANK0                     00005C  00000A  000066        B8       0  CODE        2
                text17                         000066  00000D  000073        CC       0  CODE        2
                text9                          000073  00000D  000080        E6       0  CODE        2
                inittext                       000080  000013  000093       100       0  CODE        2
                text18                         000093  00001A  0000AD       126       0  CODE        2
                text19                         0000AD  000022  0000CF       15A       0  CODE        2
                text15                         0000CF  000025  0000F4       19E       0  CODE        2
                text4                          0000F4  000025  000119       1E8       0  CODE        2
                text3                          000119  000025  00013E       232       0  CODE        2
                text2                          00013E  00002D  00016B       27C       0  CODE        2
                text10                         00016B  000030  00019B       2D6       0  CODE        2
                text21                         00019B  000046  0001E1       336       0  CODE        2
                text14                         0001E1  000052  000233       3C2       0  CODE        2
                text20                         000233  000053  000286       466       0  CODE        2
                text13                         000286  000055  0002DB       50C       0  CODE        2
                text11                         0002DB  000059  000334       5B6       0  CODE        2
                text16                         000334  00005F  000393       668       0  CODE        2
                text12                         000393  000067  0003FA       726       0  CODE        2
                text22                         0003FA  000068  000462       7F4       0  CODE        2
                text5                          000462  0000AF  000511       8C4       0  CODE        2
                text1                          000511  0000EC  0005FD       A22       0  CODE        2
                maintext                       0005FD  0001EF  0007EC       BFA       0  CODE        2
                cinit                          0007EC  000014  000800       FD8       0  CODE        2


UNUSED ADDRESS RANGES

        Name                Unused          Largest block    Delta
        BANK0            0050-006F             20           1
        BANK1            00A0-00EF             50           1
        BANK2            0110-016F             60           1
        BANK3            0190-01EF             60           1
        CODE             0037-003F              9           2
                         0800-1FFF            800
        CONST            0037-003F              9           2
                         0800-1FFF            100
        EEDATA           2100-21FF            100           2
        ENTRY            0037-003F              9           2
                         0800-1FFF            100
        RAM              0050-006F             20           1
                         00A0-00EF             50
                         0110-016F             60
                         0190-01EF             60
        SFR0             0000-001F             20           1
        SFR1             0080-009F             20           1
        SFR2             0100-010F             10           1
        SFR3             0180-018F             10           1
        STRCODE          0037-003F              9           2
                         0800-1FFF           1800
        STRING           0037-003F              9           2
                         0800-1FFF            100

                                  Symbol Table

?_BCD_2_DEC                       cstackCOMMON 0076
?_DEC_2_BCD                       cstackCOMMON 0079
?_I2C_Read                        cstackCOMMON 0070
?___awdiv                         cstackCOMMON 0070
?___awmod                         cstackCOMMON 0070
?___lldiv                         cstackBANK0  0020
?___lmul                          cstackCOMMON 0070
?___wmul                          cstackCOMMON 0070
BCD_2_DEC@to_convert              cstackCOMMON 0076
DEC_2_BCD@to_convert              cstackCOMMON 0079
I2C_Initialize@feq_K              cstackBANK0  002D
I2C_Read@ack                      cstackCOMMON 0070
I2C_Read@incoming                 cstackCOMMON 0074
I2C_Write@data                    cstackBANK0  0020
Lcd_Cmd@a                         cstackCOMMON 0073
Lcd_Print_Char@Lower_Nibble       cstackCOMMON 0072
Lcd_Print_Char@Upper_Nibble       cstackCOMMON 0073
Lcd_Print_Char@data               cstackCOMMON 0074
Lcd_Print_Char@i                  cstackCOMMON 0075
Lcd_Print_Char@i_77               cstackCOMMON 0077
Lcd_Print_String@a                cstackCOMMON 007B
Lcd_Print_String@i                cstackCOMMON 0079
Lcd_SetBit@data_bit               cstackCOMMON 0070
Lcd_Set_Cursor@a                  cstackCOMMON 0077
Lcd_Set_Cursor@b                  cstackCOMMON 0074
Lcd_Set_Cursor@temp               cstackCOMMON 007A
Lcd_Set_Cursor@y                  cstackCOMMON 0079
Lcd_Set_Cursor@z                  cstackCOMMON 0078
_ACKDT                            (abs)        048D
_ACKEN                            (abs)        048C
_BCD_2_DEC                        text3        0119
_DEC_2_BCD                        text10       016B
_I2C_Begin                        text8        0040
_I2C_End                          text7        0049
_I2C_Hold                         text9        0073
_I2C_Initialize                   text20       0233
_I2C_Read                         text2        013E
_I2C_Write                        text6        0052
_Lcd_Clear                        text17       0066
_Lcd_Cmd                          text18       0093
_Lcd_Print_Char                   text16       0334
_Lcd_Print_String                 text15       00CF
_Lcd_SetBit                       text19       00AD
_Lcd_Set_Cursor                   text14       01E1
_Lcd_Start                        text13       0286
_PEN                              (abs)        048A
_RCEN                             (abs)        048B
_RD2                              (abs)        0042
_RD3                              (abs)        0043
_RD4                              (abs)        0044
_RD5                              (abs)        0045
_RD6                              (abs)        0046
_RD7                              (abs)        0047
_SEN                              (abs)        0488
_SSPADD                           (abs)        0093
_SSPBUF                           (abs)        0013
_SSPCON                           (abs)        0014
_SSPCON2                          (abs)        0091
_SSPSTAT                          (abs)        0094
_Set_Time_Date                    text5        0462
_TRISC3                           (abs)        043B
_TRISC4                           (abs)        043C
_TRISD                            (abs)        0088
_Update_Current_Date_Time         text1        0511
__Habs1                           abs1         0000
__Hbank0                          bank0        0000
__Hbank1                          bank1        0000
__Hbank2                          bank2        0000
__Hbank3                          bank3        0000
__HbssBANK0                       bssBANK0     0000
__Hcinit                          cinit        0800
__Hclrtext                        clrtext      0000
__Hcode                           code         0000
__Hcommon                         common       0000
__Hconfig                         config       2008
__HcstackBANK0                    cstackBANK0  0000
__HcstackCOMMON                   cstackCOMMON 0000
__HdataBANK0                      dataBANK0    0000
__Heeprom_data                    eeprom_data  0000
__Hend_init                       end_init     0003
__Hfunctab                        functab      0000
__HidataBANK0                     idataBANK0   0000
__Hidloc                          idloc        2004
__Hinit                           init         0000
__Hinittext                       inittext     0000
__Hintentry                       intentry     0000
__Hmaintext                       maintext     0000
__Hpowerup                        powerup      0000
__Hram                            ram          0000
__Hreset_vec                      reset_vec    0000
__Hsfr0                           sfr0         0000
__Hsfr1                           sfr1         0000
__Hsfr2                           sfr2         0000
__Hsfr3                           sfr3         0000
__Hspace_0                        (abs)        0800
__Hspace_1                        (abs)        007E
__Hspace_2                        (abs)        0000
__Hspace_3                        (abs)        0000
__Hspace_4                        (abs)        400F
__Hstack                          stack        0000
__Hstrings                        strings      0000
__Htext                           text         0000
__Labs1                           abs1         0000
__Lbank0                          bank0        0000
__Lbank1                          bank1        0000
__Lbank2                          bank2        0000
__Lbank3                          bank3        0000
__LbssBANK0                       bssBANK0     0000
__Lcinit                          cinit        07EC
__Lclrtext                        clrtext      0000
__Lcode                           code         0000
__Lcommon                         common       0000
__Lconfig                         config       0000
__LcstackBANK0                    cstackBANK0  0000
__LcstackCOMMON                   cstackCOMMON 0000
__LdataBANK0                      dataBANK0    0000
__Leeprom_data                    eeprom_data  0000
__Lend_init                       end_init     0000
__Lfunctab                        functab      0000
__LidataBANK0                     idataBANK0   0000
__Lidloc                          idloc        0000
__Linit                           init         0000
__Linittext                       inittext     0000
__Lintentry                       intentry     0000
__Lmaintext                       maintext     0000
__Lpowerup                        powerup      0000
__Lram                            ram          0000
__Lreset_vec                      reset_vec    0000
__Lsfr0                           sfr0         0000
__Lsfr1                           sfr1         0000
__Lsfr2                           sfr2         0000
__Lsfr3                           sfr3         0000
__Lspace_0                        (abs)        0000
__Lspace_1                        (abs)        0000
__Lspace_2                        (abs)        0000
__Lspace_3                        (abs)        0000
__Lspace_4                        (abs)        0000
__Lstack                          stack        0000
__Lstrings                        strings      0000
__Ltext                           text         0000
__S0                              (abs)        0800
__S1                              (abs)        007E
__S3                              (abs)        0000
___awdiv                          text12       0393
___awdiv@counter                  cstackCOMMON 0075
___awdiv@dividend                 cstackCOMMON 0072
___awdiv@divisor                  cstackCOMMON 0070
___awdiv@quotient                 cstackCOMMON 0077
___awdiv@sign                     cstackCOMMON 0076
___awmod                          text11       02DB
___awmod@counter                  cstackCOMMON 0075
___awmod@dividend                 cstackCOMMON 0072
___awmod@divisor                  cstackCOMMON 0070
___awmod@sign                     cstackCOMMON 0076
___int_sp                         stack        0000
___latbits                        (abs)        0002
___lldiv                          text22       03FA
___lldiv@counter                  cstackBANK0  002C
___lldiv@dividend                 cstackBANK0  0024
___lldiv@divisor                  cstackBANK0  0020
___lldiv@quotient                 cstackBANK0  0028
___lmul                           text21       019B
___lmul@multiplicand              cstackCOMMON 0074
___lmul@multiplier                cstackCOMMON 0070
___lmul@product                   cstackCOMMON 0079
___sp                             stack        0000
___stackhi                        (abs)        0000
___stacklo                        (abs)        0000
___wmul                           text4        00F4
___wmul@multiplicand              cstackCOMMON 0072
___wmul@multiplier                cstackCOMMON 0070
___wmul@product                   cstackCOMMON 0074
__end_of_BCD_2_DEC                text3        013E
__end_of_DEC_2_BCD                text10       019B
__end_of_I2C_Begin                text8        0049
__end_of_I2C_End                  text7        0052
__end_of_I2C_Hold                 text9        0080
__end_of_I2C_Initialize           text20       0286
__end_of_I2C_Read                 text2        016B
__end_of_I2C_Write                text6        005C
__end_of_Lcd_Clear                text17       0073
__end_of_Lcd_Cmd                  text18       00AD
__end_of_Lcd_Print_Char           text16       0393
__end_of_Lcd_Print_String         text15       00F4
__end_of_Lcd_SetBit               text19       00CF
__end_of_Lcd_Set_Cursor           text14       0233
__end_of_Lcd_Start                text13       02DB
__end_of_Set_Time_Date            text5        0511
__end_of_Update_Current_Date_Time text1        05FD
__end_of___awdiv                  text12       03FA
__end_of___awmod                  text11       0334
__end_of___lldiv                  text22       0462
__end_of___lmul                   text21       01E1
__end_of___wmul                   text4        0119
__end_of__initialization          cinit        07FC
__end_of__stringtab               strings      0009
__end_of_main                     maintext     07EC
__initialization                  cinit        07EC
__pbssBANK0                       bssBANK0     004E
__pcstackBANK0                    cstackBANK0  0020
__pcstackCOMMON                   cstackCOMMON 0070
__pdataBANK0                      dataBANK0    0044
__pidataBANK0                     idataBANK0   005C
__pmaintext                       maintext     05FD
__pstrings                        strings      0003
__ptext1                          text1        0511
__ptext10                         text10       016B
__ptext11                         text11       02DB
__ptext12                         text12       0393
__ptext13                         text13       0286
__ptext14                         text14       01E1
__ptext15                         text15       00CF
__ptext16                         text16       0334
__ptext17                         text17       0066
__ptext18                         text18       0093
__ptext19                         text19       00AD
__ptext2                          text2        013E
__ptext20                         text20       0233
__ptext21                         text21       019B
__ptext22                         text22       03FA
__ptext3                          text3        0119
__ptext4                          text4        00F4
__ptext5                          text5        0462
__ptext6                          text6        0052
__ptext7                          text7        0049
__ptext8                          text8        0040
__ptext9                          text9        0073
__stringbase                      strings      0008
__stringtab                       strings      0003
_date                             dataBANK0    0048
_hour                             dataBANK0    004A
_main                             maintext     05FD
_min                              dataBANK0    004C
_month                            dataBANK0    0046
_sec                              bssBANK0     004E
_year                             dataBANK0    0044
btemp                             (abs)        007E
end_of_initialization             cinit        07FC
init_fetch0                       inittext     0080
init_ram0                         inittext     0084
intlevel0                         functab      0000
intlevel1                         functab      0000
intlevel2                         functab      0000
intlevel3                         functab      0000
intlevel4                         functab      0000
intlevel5                         functab      0000
main@date_0                       cstackBANK0  003E
main@date_1                       cstackBANK0  003F
main@hour_0                       cstackBANK0  003C
main@hour_1                       cstackBANK0  003D
main@min_0                        cstackBANK0  003A
main@min_1                        cstackBANK0  003B
main@month_0                      cstackBANK0  0040
main@month_1                      cstackBANK0  0041
main@sec_0                        cstackBANK0  0038
main@sec_1                        cstackBANK0  0039
main@year_0                       cstackBANK0  0042
main@year_1                       cstackBANK0  0043
reset_vec                         reset_vec    0000
start                             init         0000
start_initialization              cinit        07EC
wtemp0                            (abs)        007E


MODULE INFORMATION

Module		Function		Class		Link	Load	Size
./PIC16F877a_DS3231.h
		_DEC_2_BCD     		CODE           	016B	0000	48
		_BCD_2_DEC     		CODE           	0119	0000	37
		_Update_Current_Date_Time		CODE           	0511	0000	236
		_Set_Time_Date 		CODE           	0462	0000	175

./PIC16F877a_DS3231.h estimated size: 496

C:\Program Files\Microchip\xc8\v2.36\pic\sources\c90\common\awmod.c
		___awmod       		CODE           	02DB	0000	89

C:\Program Files\Microchip\xc8\v2.36\pic\sources\c90\common\awmod.c estimated size: 89

./PIC16F877a_I2C.h
		_I2C_Write     		CODE           	0052	0000	10
		_I2C_End       		CODE           	0049	0000	9
		_I2C_Read      		CODE           	013E	0000	45
		_I2C_Hold      		CODE           	0073	0000	13
		_I2C_Initialize		CODE           	0233	0000	83
		_I2C_Begin     		CODE           	0040	0000	9

./PIC16F877a_I2C.h estimated size: 169

./lcd.h
		_Lcd_Cmd       		CODE           	0093	0000	26
		_Lcd_SetBit    		CODE           	00AD	0000	34
		_Lcd_Start     		CODE           	0286	0000	85
		_Lcd_Set_Cursor		CODE           	01E1	0000	82
		_Lcd_Clear     		CODE           	0066	0000	13
		_Lcd_Print_String		CODE           	00CF	0000	37
		_Lcd_Print_Char		CODE           	0334	0000	95

./lcd.h estimated size: 372

C:\Program Files\Microchip\xc8\v2.36\pic\sources\c90\common\Umul16.c
		___wmul        		CODE           	00F4	0000	37

C:\Program Files\Microchip\xc8\v2.36\pic\sources\c90\common\Umul16.c estimated size: 37

C:\Program Files\Microchip\xc8\v2.36\pic\sources\c90\common\awdiv.c
		___awdiv       		CODE           	0393	0000	103

C:\Program Files\Microchip\xc8\v2.36\pic\sources\c90\common\awdiv.c estimated size: 103

C:\Program Files\Microchip\xc8\v2.36\pic\sources\c90\common\__lldiv.c
		___lldiv       		CODE           	03FA	0000	104

C:\Program Files\Microchip\xc8\v2.36\pic\sources\c90\common\__lldiv.c estimated size: 104

shared
		__stringtab    		STRING         	0003	0000	6
		__initialization		CODE           	07EC	0000	16

shared estimated size: 22

C:\Program Files\Microchip\xc8\v2.36\pic\sources\c90\common\Umul32.c
		___lmul        		CODE           	019B	0000	70

C:\Program Files\Microchip\xc8\v2.36\pic\sources\c90\common\Umul32.c estimated size: 70

RTC_with_PIC_main.c
		_main          		CODE           	05FD	0000	495

RTC_with_PIC_main.c estimated size: 495

