Microchip MPLAB XC8 Compiler V2.36

Linker command line:

-W-3 --edf=C:\Program Files\Microchip\xc8\v2.36\pic\dat\en_msgs.txt -cn \
  -h+dist/default/debug\RTC_with_PIC.X.debug.sym \
  --cmf=dist/default/debug\RTC_with_PIC.X.debug.cmf -z -Q16F877A \
  -oC:\Users\ADITYA~1\AppData\Local\Temp\xcAs7s8.4 --defsym=__MPLAB_BUILD=1 \
  -Mdist/default/debug/RTC_with_PIC.X.debug.map \
  --md=C:\Users\ADITYA~1\AppData\Local\Temp\xcAs7s8.dat -E1 \
  -ver=XC8 Compiler --acfsm=1493 -ACODE=00h-07FFhx4 -ASTRCODE=00h-01FFFh \
  -ASTRING=00h-0FFhx32 -ACONST=00h-0FFhx32 -AENTRY=00h-0FFhx32 \
  -ACOMMON=070h-07Fh -ABANK0=020h-06Fh -ABANK1=0A0h-0EFh \
  -ABANK2=0110h-016Fh -ABANK3=0190h-01EFh \
  -ARAM=020h-06Fh,0A0h-0EFh,0110h-016Fh,0190h-01EFh \
  -AABS1=020h-07Fh,0A0h-0EFh,0110h-016Fh,0190h-01EFh -ASFR0=00h-01Fh \
  -ASFR1=080h-09Fh -ASFR2=0100h-010Fh -ASFR3=0180h-018Fh \
  -ACONFIG=02007h-02007h -DCONFIG=2 -AIDLOC=02000h-02003h -DIDLOC=2 \
  -AEEDATA=00h-0FFh/02100h -peeprom_data=EEDATA -DEEDATA=2 -DCODE=2 \
  -DSTRCODE=2 -DSTRING=2 -DCONST=2 -DENTRY=2 \
  -preset_vec=00h,intentry,init,end_init -ppowerup=CODE -pcinit=CODE \
  -pfunctab=ENTRY -k C:\Users\ADITYA~1\AppData\Local\Temp\xcAs7s8.o \
  dist/default/debug\RTC_with_PIC.X.debug.o 

Object code version is 3.11

Machine type is 16F877A



                Name                               Link     Load   Length Selector   Space Scale
C:\Users\ADITYA~1\AppData\Local\Temp\xcAs7s8.o
                end_init                              0        0        3        0       0
                config                             2007     2007        1        0       4
                idloc                              2000     2000        4        0       5
dist/default/debug\RTC_with_PIC.X.debug.o
                cinit                               7EE      7EE       12      FDC       0
                config                             2007     2007        1        0       4
                idloc                              2000     2000        4        0       5
                text22                              3FC      3FC       68      7F8       0
                text21                              19D      19D       46      33A       0
                text20                              235      235       53      46A       0
                text19                               AF       AF       22      15E       0
                text18                               95       95       1A      12A       0
                text17                               68       68        D       D0       0
                text16                              336      336       5F      66C       0
                text15                               D1       D1       25      1A2       0
                text14                              1E3      1E3       52      3C6       0
                text13                              288      288       55      510       0
                text12                              395      395       67      72A       0
                text11                              2DD      2DD       59      5BA       0
                text10                              16D      16D       30      2DA       0
                text9                                75       75        D       EA       0
                text8                                40       40        9       80       0
                text7                                49       49        9       92       0
                text6                                52       52        A       A4       0
                text5                               464      464       AF      8C8       0
                text4                                F6       F6       25      1EC       0
                text3                               11B      11B       25      236       0
                text2                               140      140       2D      280       0
                text1                               513      513       EC      A26       0
                maintext                            5FF      5FF      1EF      BFE       0
                cstackBANK0                          20       20       24       20       1
                cstackCOMMON                         70       70        E       70       1
                inittext                             82       82       13      104       0
                dataBANK0                            44       44        C       20       1
                strings                               3        3       34        6       0
                idataBANK0                           5C       5C        C       B8       0

TOTAL           Name                               Link     Load   Length     Space
        CLASS   CODE           
                end_init                              0        0        3         0
                cinit                               7EE      7EE       12         0
                text22                              3FC      3FC       68         0
                text21                              19D      19D       46         0
                text20                              235      235       53         0
                text19                               AF       AF       22         0
                text18                               95       95       1A         0
                text17                               68       68        D         0
                text16                              336      336       5F         0
                text15                               D1       D1       25         0
                text14                              1E3      1E3       52         0
                text13                              288      288       55         0
                text12                              395      395       67         0
                text11                              2DD      2DD       59         0
                text10                              16D      16D       30         0
                text9                                75       75        D         0
                text8                                40       40        9         0
                text7                                49       49        9         0
                text6                                52       52        A         0
                text5                               464      464       AF         0
                text4                                F6       F6       25         0
                text3                               11B      11B       25         0
                text2                               140      140       2D         0
                text1                               513      513       EC         0
                maintext                            5FF      5FF      1EF         0
                inittext                             82       82       13         0
                idataBANK0                           5C       5C        C         0

        CLASS   STRCODE        

        CLASS   STRING         
                strings                               3        3       34         0

        CLASS   CONST          

        CLASS   ENTRY          

        CLASS   COMMON         
                cstackCOMMON                         70       70        E         1

        CLASS   BANK0          
                cstackBANK0                          20       20       24         1
                dataBANK0                            44       44        C         1

        CLASS   BANK1          

        CLASS   BANK2          

        CLASS   BANK3          

        CLASS   RAM            

        CLASS   ABS1           
                abs_s1                               7E       7E        2         1

        CLASS   SFR0           

        CLASS   SFR1           

        CLASS   SFR2           

        CLASS   SFR3           

        CLASS   CONFIG         
                config                             2007     2007        1         4

        CLASS   IDLOC          
                idloc                              2000     2000        4         5

        CLASS   EEDATA         

        CLASS   STACK          



SEGMENTS        Name                           Load    Length   Top    Selector   Space  Class     Delta

                reset_vec                      000000  000003  000003         0       0  CODE        2
                strings                        000003  000034  000037         6       0  STRING      2
                cstackBANK0                    000020  000030  000050        20       1  BANK0       1
                cstackCOMMON                   000070  00000E  00007E        70       1  COMMON      1
                text8                          000040  000009  000049        80       0  CODE        2
                text7                          000049  000009  000052        92       0  CODE        2
                text6                          000052  00000A  00005C        A4       0  CODE        2
                idataBANK0                     00005C  00000C  000068        B8       0  CODE        2
                text17                         000068  00000D  000075        D0       0  CODE        2
                text9                          000075  00000D  000082        EA       0  CODE        2
                inittext                       000082  000013  000095       104       0  CODE        2
                text18                         000095  00001A  0000AF       12A       0  CODE        2
                text19                         0000AF  000022  0000D1       15E       0  CODE        2
                text15                         0000D1  000025  0000F6       1A2       0  CODE        2
                text4                          0000F6  000025  00011B       1EC       0  CODE        2
                text3                          00011B  000025  000140       236       0  CODE        2
                text2                          000140  00002D  00016D       280       0  CODE        2
                text10                         00016D  000030  00019D       2DA       0  CODE        2
                text21                         00019D  000046  0001E3       33A       0  CODE        2
                text14                         0001E3  000052  000235       3C6       0  CODE        2
                text20                         000235  000053  000288       46A       0  CODE        2
                text13                         000288  000055  0002DD       510       0  CODE        2
                text11                         0002DD  000059  000336       5BA       0  CODE        2
                text16                         000336  00005F  000395       66C       0  CODE        2
                text12                         000395  000067  0003FC       72A       0  CODE        2
                text22                         0003FC  000068  000464       7F8       0  CODE        2
                text5                          000464  0000AF  000513       8C8       0  CODE        2
                text1                          000513  0000EC  0005FF       A26       0  CODE        2
                maintext                       0005FF  0001EF  0007EE       BFE       0  CODE        2
                cinit                          0007EE  000012  000800       FDC       0  CODE        2


UNUSED ADDRESS RANGES

        Name                Unused          Largest block    Delta
        BANK0            0050-006F             20           1
        BANK1            00A0-00EF             50           1
        BANK2            0110-016F             60           1
        BANK3            0190-01EF             60           1
        CODE             0037-003F              9           2
                         0800-1FFF            800
        CONST            0037-003F              9           2
                         0800-1FFF            100
        EEDATA           2100-21FF            100           2
        ENTRY            0037-003F              9           2
                         0800-1FFF            100
        RAM              0050-006F             20           1
                         00A0-00EF             50
                         0110-016F             60
                         0190-01EF             60
        SFR0             0000-001F             20           1
        SFR1             0080-009F             20           1
        SFR2             0100-010F             10           1
        SFR3             0180-018F             10           1
        STRCODE          0037-003F              9           2
                         0800-1FFF           1800
        STRING           0037-003F              9           2
                         0800-1FFF            100

                                  Symbol Table

?_BCD_2_DEC                       cstackCOMMON 0076
?_DEC_2_BCD                       cstackCOMMON 0079
?_I2C_Read                        cstackCOMMON 0070
?___awdiv                         cstackCOMMON 0070
?___awmod                         cstackCOMMON 0070
?___lldiv                         cstackBANK0  0020
?___lmul                          cstackCOMMON 0070
?___wmul                          cstackCOMMON 0070
BCD_2_DEC@to_convert              cstackCOMMON 0076
DEC_2_BCD@to_convert              cstackCOMMON 0079
I2C_Initialize@feq_K              cstackBANK0  002D
I2C_Read@ack                      cstackCOMMON 0070
I2C_Read@incoming                 cstackCOMMON 0074
I2C_Write@data                    cstackBANK0  0020
Lcd_Cmd@a                         cstackCOMMON 0073
Lcd_Print_Char@Lower_Nibble       cstackCOMMON 0072
Lcd_Print_Char@Upper_Nibble       cstackCOMMON 0073
Lcd_Print_Char@data               cstackCOMMON 0074
Lcd_Print_Char@i                  cstackCOMMON 0075
Lcd_Print_Char@i_77               cstackCOMMON 0077
Lcd_Print_String@a                cstackCOMMON 007B
Lcd_Print_String@i                cstackCOMMON 0079
Lcd_SetBit@data_bit               cstackCOMMON 0070
Lcd_Set_Cursor@a                  cstackCOMMON 0077
Lcd_Set_Cursor@b                  cstackCOMMON 0074
Lcd_Set_Cursor@temp               cstackCOMMON 007A
Lcd_Set_Cursor@y                  cstackCOMMON 0079
Lcd_Set_Cursor@z                  cstackCOMMON 0078
_ACKDT                            (abs)        048D
_ACKEN                            (abs)        048C
_BCD_2_DEC                        text3        011B
_DEC_2_BCD                        text10       016D
_I2C_Begin                        text8        0040
_I2C_End                          text7        0049
_I2C_Hold                         text9        0075
_I2C_Initialize                   text20       0235
_I2C_Read                         text2        0140
_I2C_Write                        text6        0052
_Lcd_Clear                        text17       0068
_Lcd_Cmd                          text18       0095
_Lcd_Print_Char                   text16       0336
_Lcd_Print_String                 text15       00D1
_Lcd_SetBit                       text19       00AF
_Lcd_Set_Cursor                   text14       01E3
_Lcd_Start                        text13       0288
_PEN                              (abs)        048A
_RCEN                             (abs)        048B
_RD2                              (abs)        0042
_RD3                              (abs)        0043
_RD4                              (abs)        0044
_RD5                              (abs)        0045
_RD6                              (abs)        0046
_RD7                              (abs)        0047
_SEN                              (abs)        0488
_SSPADD                           (abs)        0093
_SSPBUF                           (abs)        0013
_SSPCON                           (abs)        0014
_SSPCON2                          (abs)        0091
_SSPSTAT                          (abs)        0094
_Set_Time_Date                    text5        0464
_TRISC3                           (abs)        043B
_TRISC4                           (abs)        043C
_TRISD                            (abs)        0088
_Update_Current_Date_Time         text1        0513
__Habs1                           abs1         0000
__Hbank0                          bank0        0000
__Hbank1                          bank1        0000
__Hbank2                          bank2        0000
__Hbank3                          bank3        0000
__Hcinit                          cinit        0800
__Hclrtext                        clrtext      0000
__Hcode                           code         0000
__Hcommon                         common       0000
__Hconfig                         config       2008
__HcstackBANK0                    cstackBANK0  0000
__HcstackCOMMON                   cstackCOMMON 0000
__HdataBANK0                      dataBANK0    0000
__Heeprom_data                    eeprom_data  0000
__Hend_init                       end_init     0003
__Hfunctab                        functab      0000
__HidataBANK0                     idataBANK0   0000
__Hidloc                          idloc        2004
__Hinit                           init         0000
__Hinittext                       inittext     0000
__Hintentry                       intentry     0000
__Hmaintext                       maintext     0000
__Hpowerup                        powerup      0000
__Hram                            ram          0000
__Hreset_vec                      reset_vec    0000
__Hsfr0                           sfr0         0000
__Hsfr1                           sfr1         0000
__Hsfr2                           sfr2         0000
__Hsfr3                           sfr3         0000
__Hspace_0                        (abs)        0800
__Hspace_1                        (abs)        007E
__Hspace_2                        (abs)        0000
__Hspace_3                        (abs)        0000
__Hspace_4                        (abs)        400F
__Hstack                          stack        0000
__Hstrings                        strings      0000
__Htext                           text         0000
__Labs1                           abs1         0000
__Lbank0                          bank0        0000
__Lbank1                          bank1        0000
__Lbank2                          bank2        0000
__Lbank3                          bank3        0000
__Lcinit                          cinit        07EE
__Lclrtext                        clrtext      0000
__Lcode                           code         0000
__Lcommon                         common       0000
__Lconfig                         config       0000
__LcstackBANK0                    cstackBANK0  0000
__LcstackCOMMON                   cstackCOMMON 0000
__LdataBANK0                      dataBANK0    0000
__Leeprom_data                    eeprom_data  0000
__Lend_init                       end_init     0000
__Lfunctab                        functab      0000
__LidataBANK0                     idataBANK0   0000
__Lidloc                          idloc        0000
__Linit                           init         0000
__Linittext                       inittext     0000
__Lintentry                       intentry     0000
__Lmaintext                       maintext     0000
__Lpowerup                        powerup      0000
__Lram                            ram          0000
__Lreset_vec                      reset_vec    0000
__Lsfr0                           sfr0         0000
__Lsfr1                           sfr1         0000
__Lsfr2                           sfr2         0000
__Lsfr3                           sfr3         0000
__Lspace_0                        (abs)        0000
__Lspace_1                        (abs)        0000
__Lspace_2                        (abs)        0000
__Lspace_3                        (abs)        0000
__Lspace_4                        (abs)        0000
__Lstack                          stack        0000
__Lstrings                        strings      0000
__Ltext                           text         0000
__S0                              (abs)        0800
__S1                              (abs)        007E
__S3                              (abs)        0000
___awdiv                          text12       0395
___awdiv@counter                  cstackCOMMON 0075
___awdiv@dividend                 cstackCOMMON 0072
___awdiv@divisor                  cstackCOMMON 0070
___awdiv@quotient                 cstackCOMMON 0077
___awdiv@sign                     cstackCOMMON 0076
___awmod                          text11       02DD
___awmod@counter                  cstackCOMMON 0075
___awmod@dividend                 cstackCOMMON 0072
___awmod@divisor                  cstackCOMMON 0070
___awmod@sign                     cstackCOMMON 0076
___int_sp                         stack        0000
___latbits                        (abs)        0002
___lldiv                          text22       03FC
___lldiv@counter                  cstackBANK0  002C
___lldiv@dividend                 cstackBANK0  0024
___lldiv@divisor                  cstackBANK0  0020
___lldiv@quotient                 cstackBANK0  0028
___lmul                           text21       019D
___lmul@multiplicand              cstackCOMMON 0074
___lmul@multiplier                cstackCOMMON 0070
___lmul@product                   cstackCOMMON 0079
___sp                             stack        0000
___stackhi                        (abs)        0000
___stacklo                        (abs)        0000
___wmul                           text4        00F6
___wmul@multiplicand              cstackCOMMON 0072
___wmul@multiplier                cstackCOMMON 0070
___wmul@product                   cstackCOMMON 0074
__end_of_BCD_2_DEC                text3        0140
__end_of_DEC_2_BCD                text10       019D
__end_of_I2C_Begin                text8        0049
__end_of_I2C_End                  text7        0052
__end_of_I2C_Hold                 text9        0082
__end_of_I2C_Initialize           text20       0288
__end_of_I2C_Read                 text2        016D
__end_of_I2C_Write                text6        005C
__end_of_Lcd_Clear                text17       0075
__end_of_Lcd_Cmd                  text18       00AF
__end_of_Lcd_Print_Char           text16       0395
__end_of_Lcd_Print_String         text15       00F6
__end_of_Lcd_SetBit               text19       00D1
__end_of_Lcd_Set_Cursor           text14       0235
__end_of_Lcd_Start                text13       02DD
__end_of_Set_Time_Date            text5        0513
__end_of_Update_Current_Date_Time text1        05FF
__end_of___awdiv                  text12       03FC
__end_of___awmod                  text11       0336
__end_of___lldiv                  text22       0464
__end_of___lmul                   text21       01E3
__end_of___wmul                   text4        011B
__end_of__initialization          cinit        07FC
__end_of__stringtab               strings      0009
__end_of_main                     maintext     07EE
__initialization                  cinit        07EE
__pcstackBANK0                    cstackBANK0  0020
__pcstackCOMMON                   cstackCOMMON 0070
__pdataBANK0                      dataBANK0    0044
__pidataBANK0                     idataBANK0   005C
__pmaintext                       maintext     05FF
__pstrings                        strings      0003
__ptext1                          text1        0513
__ptext10                         text10       016D
__ptext11                         text11       02DD
__ptext12                         text12       0395
__ptext13                         text13       0288
__ptext14                         text14       01E3
__ptext15                         text15       00D1
__ptext16                         text16       0336
__ptext17                         text17       0068
__ptext18                         text18       0095
__ptext19                         text19       00AF
__ptext2                          text2        0140
__ptext20                         text20       0235
__ptext21                         text21       019D
__ptext22                         text22       03FC
__ptext3                          text3        011B
__ptext4                          text4        00F6
__ptext5                          text5        0464
__ptext6                          text6        0052
__ptext7                          text7        0049
__ptext8                          text8        0040
__ptext9                          text9        0075
__stringbase                      strings      0008
__stringtab                       strings      0003
_date                             dataBANK0    0048
_hour                             dataBANK0    004A
_main                             maintext     05FF
_min                              dataBANK0    004C
_month                            dataBANK0    0046
_sec                              dataBANK0    004E
_year                             dataBANK0    0044
btemp                             (abs)        007E
end_of_initialization             cinit        07FC
init_fetch0                       inittext     0082
init_ram0                         inittext     0086
intlevel0                         functab      0000
intlevel1                         functab      0000
intlevel2                         functab      0000
intlevel3                         functab      0000
intlevel4                         functab      0000
intlevel5                         functab      0000
main@date_0                       cstackBANK0  003E
main@date_1                       cstackBANK0  003F
main@hour_0                       cstackBANK0  003C
main@hour_1                       cstackBANK0  003D
main@min_0                        cstackBANK0  003A
main@min_1                        cstackBANK0  003B
main@month_0                      cstackBANK0  0040
main@month_1                      cstackBANK0  0041
main@sec_0                        cstackBANK0  0038
main@sec_1                        cstackBANK0  0039
main@year_0                       cstackBANK0  0042
main@year_1                       cstackBANK0  0043
reset_vec                         reset_vec    0000
start                             init         0000
start_initialization              cinit        07EE
wtemp0                            (abs)        007E


MODULE INFORMATION

Module		Function		Class		Link	Load	Size
./PIC16F877a_DS3231.h
		_DEC_2_BCD     		CODE           	016D	0000	48
		_BCD_2_DEC     		CODE           	011B	0000	37
		_Update_Current_Date_Time		CODE           	0513	0000	236
		_Set_Time_Date 		CODE           	0464	0000	175

./PIC16F877a_DS3231.h estimated size: 496

C:\Program Files\Microchip\xc8\v2.36\pic\sources\c90\common\awmod.c
		___awmod       		CODE           	02DD	0000	89

C:\Program Files\Microchip\xc8\v2.36\pic\sources\c90\common\awmod.c estimated size: 89

./PIC16F877a_I2C.h
		_I2C_Write     		CODE           	0052	0000	10
		_I2C_End       		CODE           	0049	0000	9
		_I2C_Read      		CODE           	0140	0000	45
		_I2C_Hold      		CODE           	0075	0000	13
		_I2C_Initialize		CODE           	0235	0000	83
		_I2C_Begin     		CODE           	0040	0000	9

./PIC16F877a_I2C.h estimated size: 169

./lcd.h
		_Lcd_Cmd       		CODE           	0095	0000	26
		_Lcd_SetBit    		CODE           	00AF	0000	34
		_Lcd_Start     		CODE           	0288	0000	85
		_Lcd_Set_Cursor		CODE           	01E3	0000	82
		_Lcd_Clear     		CODE           	0068	0000	13
		_Lcd_Print_String		CODE           	00D1	0000	37
		_Lcd_Print_Char		CODE           	0336	0000	95

./lcd.h estimated size: 372

C:\Program Files\Microchip\xc8\v2.36\pic\sources\c90\common\Umul16.c
		___wmul        		CODE           	00F6	0000	37

C:\Program Files\Microchip\xc8\v2.36\pic\sources\c90\common\Umul16.c estimated size: 37

C:\Program Files\Microchip\xc8\v2.36\pic\sources\c90\common\awdiv.c
		___awdiv       		CODE           	0395	0000	103

C:\Program Files\Microchip\xc8\v2.36\pic\sources\c90\common\awdiv.c estimated size: 103

C:\Program Files\Microchip\xc8\v2.36\pic\sources\c90\common\__lldiv.c
		___lldiv       		CODE           	03FC	0000	104

C:\Program Files\Microchip\xc8\v2.36\pic\sources\c90\common\__lldiv.c estimated size: 104

shared
		__stringtab    		STRING         	0003	0000	6
		__initialization		CODE           	07EE	0000	14

shared estimated size: 20

C:\Program Files\Microchip\xc8\v2.36\pic\sources\c90\common\Umul32.c
		___lmul        		CODE           	019D	0000	70

C:\Program Files\Microchip\xc8\v2.36\pic\sources\c90\common\Umul32.c estimated size: 70

RTC_with_PIC_main.c
		_main          		CODE           	05FF	0000	495

RTC_with_PIC_main.c estimated size: 495

